# 2026-09-24T20:37:43Z Apple M4 16 GB macOS 27.0 — git b31c213+m3 worktree

$ core/target/release/utter-cli --model "$MODELS/parakeet-tdt-0.6b-v3/parakeet-tdt-0.6b-v3-Q8_0.gguf" --repeat 3 fixtures/audio/*.wav
model /Users/ved/Library/Application Support/Utter/Models/parakeet-tdt-0.6b-v3/parakeet-tdt-0.6b-v3-Q8_0.gguf arch=parakeet backend=MTL0 load=7598ms warmup=56ms footprint+897MB
../fixtures/audio/tts_01.wav	audio=4643ms infer_p50=85ms rtf=0.018 wer=1.000	Testing udder, 123, hold my code uses post gur SQL.
../fixtures/audio/tts_02.wav	audio=4420ms infer_p50=81ms rtf=0.018 wer=0.000	The quick brown fox jumps over the lazy dog while the band plays in the park.
../fixtures/audio/tts_03.wav	audio=4266ms infer_p50=83ms rtf=0.019 wer=0.000	Please schedule a meeting with the design team for next Tuesday afternoon at 3.
../fixtures/audio/tts_04.wav	audio=4822ms infer_p50=80ms rtf=0.017 wer=0.091	I studied computer science at Minute before moving into product engineering.
../fixtures/audio/tts_05.wav	audio=5051ms infer_p50=86ms rtf=0.017 wer=0.538	We rewrote the settings screen and swiftly lie and move the backend the type script.
aggregate wer=0.258 (16/62 words) model_loads=1

$ core/target/release/utter-cli --model "$MODELS/parakeet-tdt-0.6b-v2/parakeet-tdt-0.6b-v2-Q8_0.gguf" --repeat 3 fixtures/audio/*.wav
model /Users/ved/Library/Application Support/Utter/Models/parakeet-tdt-0.6b-v2/parakeet-tdt-0.6b-v2-Q8_0.gguf arch=parakeet backend=MTL0 load=288ms warmup=35ms footprint+824MB
../fixtures/audio/tts_01.wav	audio=4643ms infer_p50=73ms rtf=0.016 wer=0.750	Testing Udder, 123, hold my code uses postGirSQL.
../fixtures/audio/tts_02.wav	audio=4420ms infer_p50=71ms rtf=0.016 wer=0.000	The quick brown fox jumps over the lazy dog while the band plays in the park.
../fixtures/audio/tts_03.wav	audio=4266ms infer_p50=71ms rtf=0.017 wer=0.000	Please schedule a meeting with the design team for next Tuesday afternoon at 3.
../fixtures/audio/tts_04.wav	audio=4822ms infer_p50=78ms rtf=0.016 wer=0.091	I studied computer science at Manooth before moving into product engineering.
../fixtures/audio/tts_05.wav	audio=5051ms infer_p50=79ms rtf=0.016 wer=0.462	We rewrote the settings screen and Swiftly lie and moved the back end the TypeScript.
aggregate wer=0.210 (13/62 words) model_loads=1

$ core/target/release/utter-cli --model "$MODELS/whisper-small/whisper-small-Q8_0.gguf" --repeat 3 fixtures/audio/*.wav
model /Users/ved/Library/Application Support/Utter/Models/whisper-small/whisper-small-Q8_0.gguf arch=whisper backend=MTL0 load=192ms warmup=331ms footprint+453MB
../fixtures/audio/tts_01.wav	audio=4643ms infer_p50=404ms rtf=0.087 wer=1.000	TestingUtter, 1, 2, 3, hold my code uses post-gur SQL.
../fixtures/audio/tts_02.wav	audio=4420ms infer_p50=398ms rtf=0.090 wer=0.000	The quick brown fox jumps over the lazy dog while the band plays in the park.
../fixtures/audio/tts_03.wav	audio=4266ms infer_p50=384ms rtf=0.090 wer=0.000	Please schedule a meeting with the design team for next Tuesday afternoon at 3.
../fixtures/audio/tts_04.wav	audio=4822ms infer_p50=379ms rtf=0.079 wer=0.091	I studied computer science at Mnuth before moving into product engineering.
../fixtures/audio/tts_05.wav	audio=5051ms infer_p50=392ms rtf=0.078 wer=0.077	We rewrote the settings screen and SwiftUI and moved the backend to TypeScript.
aggregate wer=0.161 (10/62 words) model_loads=1

$ core/target/release/utter-cli --model "$MODELS/whisper-medium/whisper-medium-Q8_0.gguf" --repeat 3 fixtures/audio/*.wav
model /Users/ved/Library/Application Support/Utter/Models/whisper-medium/whisper-medium-Q8_0.gguf arch=whisper backend=MTL0 load=349ms warmup=1054ms footprint+1131MB
../fixtures/audio/tts_01.wav	audio=4643ms infer_p50=979ms rtf=0.211 wer=0.875	Testing utter 123 hold my code uses post-ger SQL
../fixtures/audio/tts_02.wav	audio=4420ms infer_p50=1045ms rtf=0.236 wer=0.000	The quick brown fox jumps over the lazy dog while the band plays in the park.
../fixtures/audio/tts_03.wav	audio=4266ms infer_p50=1027ms rtf=0.241 wer=0.000	Please schedule a meeting with the design team for next Tuesday afternoon at 3.
../fixtures/audio/tts_04.wav	audio=4822ms infer_p50=1000ms rtf=0.207 wer=0.091	I studied computer science at Manuth before moving into product engineering.
../fixtures/audio/tts_05.wav	audio=5051ms infer_p50=1087ms rtf=0.215 wer=0.000	We rewrote the settings screen in SwiftUI and moved the backend to TypeScript.
aggregate wer=0.129 (8/62 words) model_loads=1

$ core/target/release/utter-cli --model "$MODELS/whisper-large-v3/whisper-large-v3-Q5_K_M.gguf" --repeat 3 fixtures/audio/*.wav
model /Users/ved/Library/Application Support/Utter/Models/whisper-large-v3/whisper-large-v3-Q5_K_M.gguf arch=whisper backend=MTL0 load=460ms warmup=2033ms footprint+1582MB
../fixtures/audio/tts_01.wav	audio=4643ms infer_p50=2083ms rtf=0.449 wer=0.750	Testing utter, 1, 2, 3, hold my code uses post-ger SQL.
../fixtures/audio/tts_02.wav	audio=4420ms infer_p50=2078ms rtf=0.470 wer=0.000	The quick brown fox jumps over the lazy dog while the band plays in the park.
../fixtures/audio/tts_03.wav	audio=4266ms infer_p50=2048ms rtf=0.480 wer=0.000	Please schedule a meeting with the design team for next Tuesday afternoon at 3.
../fixtures/audio/tts_04.wav	audio=4822ms infer_p50=2025ms rtf=0.420 wer=0.000	I studied computer science at Maynooth before moving into product engineering.
../fixtures/audio/tts_05.wav	audio=5051ms infer_p50=2134ms rtf=0.422 wer=0.154	we rewrote the settings screen in SwiftUI and moved the back end to TypeScript.
aggregate wer=0.129 (8/62 words) model_loads=1

$ core/target/release/utter-cli --model "$MODELS/whisper-large-v3-turbo/whisper-large-v3-turbo-Q8_0.gguf" --repeat 3 fixtures/audio/*.wav
model /Users/ved/Library/Application Support/Utter/Models/whisper-large-v3-turbo/whisper-large-v3-turbo-Q8_0.gguf arch=whisper backend=MTL0 load=371ms warmup=1279ms footprint+1061MB
../fixtures/audio/tts_01.wav	audio=4643ms infer_p50=1351ms rtf=0.291 wer=0.375	Testing utter, 1, 2, 3, hold my code uses postgreSQL.
../fixtures/audio/tts_02.wav	audio=4420ms infer_p50=1347ms rtf=0.305 wer=0.000	The quick brown fox jumps over the lazy dog while the band plays in the park.
../fixtures/audio/tts_03.wav	audio=4266ms infer_p50=1358ms rtf=0.318 wer=0.000	Please schedule a meeting with the design team for next Tuesday afternoon at 3.
../fixtures/audio/tts_04.wav	audio=4822ms infer_p50=1368ms rtf=0.284 wer=0.000	I studied computer science at Maynooth before moving into product engineering.
../fixtures/audio/tts_05.wav	audio=5051ms infer_p50=1381ms rtf=0.273 wer=0.154	We rewrote the settings screen in SwiftUI and moved the back end to TypeScript.
aggregate wer=0.081 (5/62 words) model_loads=1

$ core/target/release/utter-cli --model "$MODELS/SenseVoiceSmall/SenseVoiceSmall-Q8_0.gguf" --repeat 3 fixtures/audio/*.wav
model /Users/ved/Library/Application Support/Utter/Models/SenseVoiceSmall/SenseVoiceSmall-Q8_0.gguf arch=sensevoice backend=MTL0 load=173ms warmup=28ms footprint+330MB
../fixtures/audio/tts_01.wav	audio=4643ms infer_p50=56ms rtf=0.012 wer=0.875	testing utter1 two three hold my code uses postger sql
../fixtures/audio/tts_02.wav	audio=4420ms infer_p50=57ms rtf=0.013 wer=0.000	the quick brown fox jumps over the lazy dog while the band plays in the park
../fixtures/audio/tts_03.wav	audio=4266ms infer_p50=59ms rtf=0.014 wer=0.000	please schedule a meeting with the design team for next tuesday afternoon at three
../fixtures/audio/tts_04.wav	audio=4822ms infer_p50=62ms rtf=0.013 wer=0.091	i studied computer science at manooth before moving into product engineering
../fixtures/audio/tts_05.wav	audio=5051ms infer_p50=63ms rtf=0.013 wer=0.846	we rew wrotete the settings screen and swift the eye and moved the back end that ive script
aggregate wer=0.306 (19/62 words) model_loads=1

$ core/target/release/utter-cli --model "$MODELS/moonshine-base/moonshine-base-Q8_0.gguf" --repeat 3 fixtures/audio/*.wav
model /Users/ved/Library/Application Support/Utter/Models/moonshine-base/moonshine-base-Q8_0.gguf arch=moonshine backend=MTL0 load=100ms warmup=19ms footprint+174MB
../fixtures/audio/tts_01.wav	audio=4643ms infer_p50=119ms rtf=0.026 wer=1.000	Testing udder, 123, hold my code uses post-gurr SQL.
../fixtures/audio/tts_02.wav	audio=4420ms infer_p50=115ms rtf=0.026 wer=0.000	The quick brown fox jumps over the lazy dog while the band plays in the park.
../fixtures/audio/tts_03.wav	audio=4266ms infer_p50=135ms rtf=0.032 wer=0.071	Please schedule a meeting with the design team for next Tuesday afternoon at 3:00.
../fixtures/audio/tts_04.wav	audio=4822ms infer_p50=97ms rtf=0.020 wer=0.091	I studied computer science at Manuth before moving into product engineering.
../fixtures/audio/tts_05.wav	audio=5051ms infer_p50=127ms rtf=0.025 wer=0.846	We re-route the setting screen and swiftly lie and move the back end to type script.
aggregate wer=0.339 (21/62 words) model_loads=1
