# 2026-09-25T12:34:43Z text pipeline on real model output, 6 TTS clips (tts_06 adds Decivra + WhisperKit): mode=clean, vocabulary=Utter,HoldMyCode,Decivra,Maynooth,PostgreSQL,TypeScript,SwiftUI,WhisperKit. Post-correction only (UTTER_NO_VOCAB_PROMPT=1), git a465169+wip

$ UTTER_NO_VOCAB_PROMPT=1 utter-cli --model $MODELS/parakeet-tdt-0.6b-v3/parakeet-tdt-0.6b-v3-Q8_0.gguf --mode clean --vocab "$V" fixtures/audio/*.wav
fixtures/audio/tts_01.wav	audio=4643ms infer_p50=80ms rtf=0.017 wer=1.000	Testing udder, 123, hold my code uses post gur SQL.
  processed wer=0.500	Testing udder, 123, HoldMyCode uses PostgreSQL.	["vocabulary: \"post gur SQL.\" → \"PostgreSQL\"", "vocabulary: \"hold my code\" → \"HoldMyCode\""]
fixtures/audio/tts_02.wav	audio=4420ms infer_p50=80ms rtf=0.018 wer=0.000	The quick brown fox jumps over the lazy dog while the band plays in the park.
  processed wer=0.000	The quick brown fox jumps over the lazy dog while the band plays in the park.	[]
fixtures/audio/tts_03.wav	audio=4266ms infer_p50=81ms rtf=0.019 wer=0.000	Please schedule a meeting with the design team for next Tuesday afternoon at 3.
  processed wer=0.000	Please schedule a meeting with the design team for next Tuesday afternoon at 3.	[]
fixtures/audio/tts_04.wav	audio=4822ms infer_p50=81ms rtf=0.017 wer=0.091	I studied computer science at Minute before moving into product engineering.
  processed wer=0.091	I studied computer science at Minute before moving into product engineering.	[]
fixtures/audio/tts_05.wav	audio=5051ms infer_p50=87ms rtf=0.017 wer=0.538	We rewrote the settings screen and swiftly lie and move the backend the type script.
  processed wer=0.385	We rewrote the settings screen and swiftly lie and move the backend the TypeScript.	["vocabulary: \"type script.\" → \"TypeScript\""]
fixtures/audio/tts_06.wav	audio=3221ms infer_p50=70ms rtf=0.022 wer=0.250	DeSiva transcribe speech with WhisperKit on the device.
  processed wer=0.250	DeSiva transcribe speech with WhisperKit on the device.	[]
aggregate wer=0.257 (18/70 words) model_loads=1
aggregate processed wer=0.171 (12/70 words)

$ UTTER_NO_VOCAB_PROMPT=1 utter-cli --model $MODELS/parakeet-tdt-0.6b-v2/parakeet-tdt-0.6b-v2-Q8_0.gguf --mode clean --vocab "$V" fixtures/audio/*.wav
fixtures/audio/tts_01.wav	audio=4643ms infer_p50=72ms rtf=0.015 wer=0.750	Testing Udder, 123, hold my code uses postGirSQL.
  processed wer=0.500	Testing Udder, 123, HoldMyCode uses PostgreSQL.	["vocabulary: \"postGirSQL.\" → \"PostgreSQL\"", "vocabulary: \"hold my code\" → \"HoldMyCode\""]
fixtures/audio/tts_02.wav	audio=4420ms infer_p50=71ms rtf=0.016 wer=0.000	The quick brown fox jumps over the lazy dog while the band plays in the park.
  processed wer=0.000	The quick brown fox jumps over the lazy dog while the band plays in the park.	[]
fixtures/audio/tts_03.wav	audio=4266ms infer_p50=71ms rtf=0.017 wer=0.000	Please schedule a meeting with the design team for next Tuesday afternoon at 3.
  processed wer=0.000	Please schedule a meeting with the design team for next Tuesday afternoon at 3.	[]
fixtures/audio/tts_04.wav	audio=4822ms infer_p50=73ms rtf=0.015 wer=0.091	I studied computer science at Manooth before moving into product engineering.
  processed wer=0.000	I studied computer science at Maynooth before moving into product engineering.	["vocabulary: \"Manooth\" → \"Maynooth\""]
fixtures/audio/tts_05.wav	audio=5051ms infer_p50=75ms rtf=0.015 wer=0.462	We rewrote the settings screen and Swiftly lie and moved the back end the TypeScript.
  processed wer=0.462	We rewrote the settings screen and Swiftly lie and moved the back end the TypeScript.	[]
fixtures/audio/tts_06.wav	audio=3221ms infer_p50=64ms rtf=0.020 wer=0.375	Deciva transcribes speech with whisper kid on the device.
  processed wer=0.125	Deciva transcribes speech with WhisperKit on the device.	["vocabulary: \"whisper kid\" → \"WhisperKit\""]
aggregate wer=0.229 (16/70 words) model_loads=1
aggregate processed wer=0.157 (11/70 words)

$ UTTER_NO_VOCAB_PROMPT=1 utter-cli --model $MODELS/whisper-small/whisper-small-Q8_0.gguf --mode clean --vocab "$V" fixtures/audio/*.wav
fixtures/audio/tts_01.wav	audio=4643ms infer_p50=369ms rtf=0.079 wer=1.000	TestingUtter, 1, 2, 3, hold my code uses post-gur SQL.
  processed wer=0.250	TestingUtter, 1, 2, 3, HoldMyCode uses PostgreSQL.	["vocabulary: \"post-gur SQL.\" → \"PostgreSQL\"", "vocabulary: \"hold my code\" → \"HoldMyCode\""]
fixtures/audio/tts_02.wav	audio=4420ms infer_p50=352ms rtf=0.080 wer=0.000	The quick brown fox jumps over the lazy dog while the band plays in the park.
  processed wer=0.000	The quick brown fox jumps over the lazy dog while the band plays in the park.	[]
fixtures/audio/tts_03.wav	audio=4266ms infer_p50=349ms rtf=0.082 wer=0.000	Please schedule a meeting with the design team for next Tuesday afternoon at 3.
  processed wer=0.000	Please schedule a meeting with the design team for next Tuesday afternoon at 3.	[]
fixtures/audio/tts_04.wav	audio=4822ms infer_p50=349ms rtf=0.072 wer=0.091	I studied computer science at Mnuth before moving into product engineering.
  processed wer=0.091	I studied computer science at Mnuth before moving into product engineering.	[]
fixtures/audio/tts_05.wav	audio=5051ms infer_p50=358ms rtf=0.071 wer=0.077	We rewrote the settings screen and SwiftUI and moved the backend to TypeScript.
  processed wer=0.077	We rewrote the settings screen and SwiftUI and moved the backend to TypeScript.	[]
fixtures/audio/tts_06.wav	audio=3221ms infer_p50=352ms rtf=0.109 wer=0.500	DeSivitranscribe speech with whisper kid on the device.
  processed wer=0.250	DeSivitranscribe speech with WhisperKit on the device.	["vocabulary: \"whisper kid\" → \"WhisperKit\""]
aggregate wer=0.200 (14/70 words) model_loads=1
aggregate processed wer=0.086 (6/70 words)

$ UTTER_NO_VOCAB_PROMPT=1 utter-cli --model $MODELS/whisper-medium/whisper-medium-Q8_0.gguf --mode clean --vocab "$V" fixtures/audio/*.wav
fixtures/audio/tts_01.wav	audio=4643ms infer_p50=995ms rtf=0.214 wer=0.875	Testing utter 123 hold my code uses post-ger SQL
  processed wer=0.375	Testing Utter 123 HoldMyCode uses PostgreSQL.	["vocabulary: \"post-ger SQL\" → \"PostgreSQL\"", "vocabulary: \"hold my code\" → \"HoldMyCode\"", "vocabulary: \"utter\" → \"Utter\""]
fixtures/audio/tts_02.wav	audio=4420ms infer_p50=1073ms rtf=0.243 wer=0.000	The quick brown fox jumps over the lazy dog while the band plays in the park.
  processed wer=0.000	The quick brown fox jumps over the lazy dog while the band plays in the park.	[]
fixtures/audio/tts_03.wav	audio=4266ms infer_p50=1048ms rtf=0.246 wer=0.000	Please schedule a meeting with the design team for next Tuesday afternoon at 3.
  processed wer=0.000	Please schedule a meeting with the design team for next Tuesday afternoon at 3.	[]
fixtures/audio/tts_04.wav	audio=4822ms infer_p50=1036ms rtf=0.215 wer=0.091	I studied computer science at Manuth before moving into product engineering.
  processed wer=0.000	I studied computer science at Maynooth before moving into product engineering.	["vocabulary: \"Manuth\" → \"Maynooth\""]
fixtures/audio/tts_05.wav	audio=5051ms infer_p50=1078ms rtf=0.213 wer=0.000	We rewrote the settings screen in SwiftUI and moved the backend to TypeScript.
  processed wer=0.000	We rewrote the settings screen in SwiftUI and moved the backend to TypeScript.	[]
fixtures/audio/tts_06.wav	audio=3221ms infer_p50=1041ms rtf=0.323 wer=0.375	Decivrotranscribe speech with WhisperKid on the device.
  processed wer=0.250	Decivrotranscribe speech with WhisperKit on the device.	["vocabulary: \"WhisperKid\" → \"WhisperKit\""]
aggregate wer=0.157 (11/70 words) model_loads=1
aggregate processed wer=0.071 (5/70 words)

$ UTTER_NO_VOCAB_PROMPT=1 utter-cli --model $MODELS/whisper-large-v3/whisper-large-v3-Q5_K_M.gguf --mode clean --vocab "$V" fixtures/audio/*.wav
fixtures/audio/tts_01.wav	audio=4643ms infer_p50=2055ms rtf=0.443 wer=0.750	Testing utter, 1, 2, 3, hold my code uses post-ger SQL.
  processed wer=0.000	Testing Utter, 1, 2, 3, HoldMyCode uses PostgreSQL.	["vocabulary: \"post-ger SQL.\" → \"PostgreSQL\"", "vocabulary: \"hold my code\" → \"HoldMyCode\"", "vocabulary: \"utter,\" → \"Utter\""]
fixtures/audio/tts_02.wav	audio=4420ms infer_p50=2060ms rtf=0.466 wer=0.000	The quick brown fox jumps over the lazy dog while the band plays in the park.
  processed wer=0.000	The quick brown fox jumps over the lazy dog while the band plays in the park.	[]
fixtures/audio/tts_03.wav	audio=4266ms infer_p50=2049ms rtf=0.480 wer=0.000	Please schedule a meeting with the design team for next Tuesday afternoon at 3.
  processed wer=0.000	Please schedule a meeting with the design team for next Tuesday afternoon at 3.	[]
fixtures/audio/tts_04.wav	audio=4822ms infer_p50=2025ms rtf=0.420 wer=0.000	I studied computer science at Maynooth before moving into product engineering.
  processed wer=0.000	I studied computer science at Maynooth before moving into product engineering.	[]
fixtures/audio/tts_05.wav	audio=5051ms infer_p50=2126ms rtf=0.421 wer=0.154	we rewrote the settings screen in SwiftUI and moved the back end to TypeScript.
  processed wer=0.154	We rewrote the settings screen in SwiftUI and moved the back end to TypeScript.	[]
fixtures/audio/tts_06.wav	audio=3221ms infer_p50=2047ms rtf=0.636 wer=0.000	Decivra transcribes speech with WhisperKit on the device.
  processed wer=0.000	Decivra transcribes speech with WhisperKit on the device.	[]
aggregate wer=0.114 (8/70 words) model_loads=1
aggregate processed wer=0.029 (2/70 words)

$ UTTER_NO_VOCAB_PROMPT=1 utter-cli --model $MODELS/whisper-large-v3-turbo/whisper-large-v3-turbo-Q8_0.gguf --mode clean --vocab "$V" fixtures/audio/*.wav
fixtures/audio/tts_01.wav	audio=4643ms infer_p50=1324ms rtf=0.285 wer=0.375	Testing utter, 1, 2, 3, hold my code uses postgreSQL.
  processed wer=0.000	Testing Utter, 1, 2, 3, HoldMyCode uses PostgreSQL.	["vocabulary: \"hold my code\" → \"HoldMyCode\"", "vocabulary: \"utter,\" → \"Utter\"", "vocabulary: \"postgreSQL.\" → \"PostgreSQL\""]
fixtures/audio/tts_02.wav	audio=4420ms infer_p50=1335ms rtf=0.302 wer=0.000	The quick brown fox jumps over the lazy dog while the band plays in the park.
  processed wer=0.000	The quick brown fox jumps over the lazy dog while the band plays in the park.	[]
fixtures/audio/tts_03.wav	audio=4266ms infer_p50=1354ms rtf=0.317 wer=0.000	Please schedule a meeting with the design team for next Tuesday afternoon at 3.
  processed wer=0.000	Please schedule a meeting with the design team for next Tuesday afternoon at 3.	[]
fixtures/audio/tts_04.wav	audio=4822ms infer_p50=1327ms rtf=0.275 wer=0.000	I studied computer science at Maynooth before moving into product engineering.
  processed wer=0.000	I studied computer science at Maynooth before moving into product engineering.	[]
fixtures/audio/tts_05.wav	audio=5051ms infer_p50=1365ms rtf=0.270 wer=0.154	We rewrote the settings screen in SwiftUI and moved the back end to TypeScript.
  processed wer=0.154	We rewrote the settings screen in SwiftUI and moved the back end to TypeScript.	[]
fixtures/audio/tts_06.wav	audio=3221ms infer_p50=1355ms rtf=0.421 wer=0.250	Deciver transcribe speech with WhisperKit on the device.
  processed wer=0.125	Decivra transcribe speech with WhisperKit on the device.	["vocabulary: \"Deciver\" → \"Decivra\""]
aggregate wer=0.100 (7/70 words) model_loads=1
aggregate processed wer=0.043 (3/70 words)

$ UTTER_NO_VOCAB_PROMPT=1 utter-cli --model $MODELS/SenseVoiceSmall/SenseVoiceSmall-Q8_0.gguf --mode clean --vocab "$V" fixtures/audio/*.wav
fixtures/audio/tts_01.wav	audio=4643ms infer_p50=57ms rtf=0.012 wer=0.875	testing utter1 two three hold my code uses postger sql
  processed wer=0.125	Testing Utter two three HoldMyCode uses PostgreSQL.	["vocabulary: \"postger sql\" → \"PostgreSQL\"", "vocabulary: \"utter1\" → \"Utter\"", "vocabulary: \"hold my code\" → \"HoldMyCode\""]
fixtures/audio/tts_02.wav	audio=4420ms infer_p50=55ms rtf=0.012 wer=0.000	the quick brown fox jumps over the lazy dog while the band plays in the park
  processed wer=0.000	The quick brown fox jumps over the lazy dog while the band plays in the park.	[]
fixtures/audio/tts_03.wav	audio=4266ms infer_p50=54ms rtf=0.013 wer=0.000	please schedule a meeting with the design team for next tuesday afternoon at three
  processed wer=0.000	Please schedule a meeting with the design team for next tuesday afternoon at three.	[]
fixtures/audio/tts_04.wav	audio=4822ms infer_p50=56ms rtf=0.012 wer=0.091	i studied computer science at manooth before moving into product engineering
  processed wer=0.000	I studied computer science at Maynooth before moving into product engineering.	["vocabulary: \"manooth\" → \"Maynooth\""]
fixtures/audio/tts_05.wav	audio=5051ms infer_p50=59ms rtf=0.012 wer=0.846	we rew wrotete the settings screen and swift the eye and moved the back end that ive script
  processed wer=0.846	We rew wrotete the settings screen and swift the eye and moved the back end that ive script.	[]
fixtures/audio/tts_06.wav	audio=3221ms infer_p50=42ms rtf=0.013 wer=0.500	to s transcribe speech with whisperki on the device
  processed wer=0.500	To s transcribe speech with whisperki on the device.	[]
aggregate wer=0.329 (23/70 words) model_loads=1
aggregate processed wer=0.229 (16/70 words)

$ UTTER_NO_VOCAB_PROMPT=1 utter-cli --model $MODELS/moonshine-base/moonshine-base-Q8_0.gguf --mode clean --vocab "$V" fixtures/audio/*.wav
fixtures/audio/tts_01.wav	audio=4643ms infer_p50=120ms rtf=0.026 wer=1.000	Testing udder, 123, hold my code uses post-gurr SQL.
  processed wer=0.500	Testing udder, 123, HoldMyCode uses PostgreSQL.	["vocabulary: \"post-gurr SQL.\" → \"PostgreSQL\"", "vocabulary: \"hold my code\" → \"HoldMyCode\""]
fixtures/audio/tts_02.wav	audio=4420ms infer_p50=108ms rtf=0.024 wer=0.000	The quick brown fox jumps over the lazy dog while the band plays in the park.
  processed wer=0.000	The quick brown fox jumps over the lazy dog while the band plays in the park.	[]
fixtures/audio/tts_03.wav	audio=4266ms infer_p50=115ms rtf=0.027 wer=0.071	Please schedule a meeting with the design team for next Tuesday afternoon at 3:00.
  processed wer=0.071	Please schedule a meeting with the design team for next Tuesday afternoon at 3:00.	[]
fixtures/audio/tts_04.wav	audio=4822ms infer_p50=89ms rtf=0.018 wer=0.091	I studied computer science at Manuth before moving into product engineering.
  processed wer=0.000	I studied computer science at Maynooth before moving into product engineering.	["vocabulary: \"Manuth\" → \"Maynooth\""]
fixtures/audio/tts_05.wav	audio=5051ms infer_p50=121ms rtf=0.024 wer=0.846	We re-route the setting screen and swiftly lie and move the back end to type script.
  processed wer=0.692	We re-route the setting screen and swiftly lie and move the back end to TypeScript.	["vocabulary: \"type script.\" → \"TypeScript\""]
fixtures/audio/tts_06.wav	audio=3221ms infer_p50=74ms rtf=0.023 wer=0.375	To sliver transcribe speech with whisperkit on the device.
  processed wer=0.375	To sliver transcribe speech with WhisperKit on the device.	["vocabulary: \"whisperkit\" → \"WhisperKit\""]
aggregate wer=0.343 (24/70 words) model_loads=1
aggregate processed wer=0.243 (17/70 words)


# vocabulary also as the Whisper initial prompt, sentence form ("We talked about … and WhisperKit."); the app skips the prompt for Turbo:
$ utter-cli --model $MODELS/whisper-small/whisper-small-Q8_0.gguf --mode clean --vocab "$V" fixtures/audio/*.wav
fixtures/audio/tts_01.wav	audio=4643ms infer_p50=368ms rtf=0.079 wer=0.000	Testing Utter, 1, 2, 3, HoldMyCode uses PostgreSQL.
  processed wer=0.000	Testing Utter, 1, 2, 3, HoldMyCode uses PostgreSQL.	[]
fixtures/audio/tts_02.wav	audio=4420ms infer_p50=360ms rtf=0.081 wer=0.000	The quick brown fox jumps over the lazy dog while the band plays in the park.
  processed wer=0.000	The quick brown fox jumps over the lazy dog while the band plays in the park.	[]
fixtures/audio/tts_03.wav	audio=4266ms infer_p50=359ms rtf=0.084 wer=0.000	Please schedule a meeting with the design team for next Tuesday afternoon at 3.
  processed wer=0.000	Please schedule a meeting with the design team for next Tuesday afternoon at 3.	[]
fixtures/audio/tts_04.wav	audio=4822ms infer_p50=356ms rtf=0.074 wer=0.000	I studied computer science at Maynooth before moving into product engineering.
  processed wer=0.000	I studied computer science at Maynooth before moving into product engineering.	[]
fixtures/audio/tts_05.wav	audio=5051ms infer_p50=363ms rtf=0.072 wer=0.077	We rewrote the settings screen and SwiftUI and moved the backend to TypeScript.
  processed wer=0.077	We rewrote the settings screen and SwiftUI and moved the backend to TypeScript.	[]
fixtures/audio/tts_06.wav	audio=3221ms infer_p50=355ms rtf=0.110 wer=0.125	Decivra transcribe speech with WhisperKit on the device.
  processed wer=0.125	Decivra transcribe speech with WhisperKit on the device.	[]
aggregate wer=0.029 (2/70 words) model_loads=1
aggregate processed wer=0.029 (2/70 words)

# vocabulary also as the Whisper initial prompt, sentence form ("We talked about … and WhisperKit."); the app skips the prompt for Turbo:
$ utter-cli --model $MODELS/whisper-medium/whisper-medium-Q8_0.gguf --mode clean --vocab "$V" fixtures/audio/*.wav
fixtures/audio/tts_01.wav	audio=4643ms infer_p50=1070ms rtf=0.230 wer=0.000	Testing Utter. 1, 2, 3. HoldMyCode uses PostgreSQL.
  processed wer=0.000	Testing Utter. 1, 2, 3. HoldMyCode uses PostgreSQL.	[]
fixtures/audio/tts_02.wav	audio=4420ms infer_p50=1022ms rtf=0.231 wer=0.000	The quick brown fox jumps over the lazy dog while the band plays in the park.
  processed wer=0.000	The quick brown fox jumps over the lazy dog while the band plays in the park.	[]
fixtures/audio/tts_03.wav	audio=4266ms infer_p50=1006ms rtf=0.236 wer=0.000	Please schedule a meeting with the design team for next Tuesday afternoon at 3.
  processed wer=0.000	Please schedule a meeting with the design team for next Tuesday afternoon at 3.	[]
fixtures/audio/tts_04.wav	audio=4822ms infer_p50=1001ms rtf=0.208 wer=0.000	I studied Computer Science at Maynooth before moving into Product Engineering.
  processed wer=0.000	I studied Computer Science at Maynooth before moving into Product Engineering.	[]
fixtures/audio/tts_05.wav	audio=5051ms infer_p50=1029ms rtf=0.204 wer=0.000	We rewrote the Settings screen in SwiftUI and moved the backend to TypeScript.
  processed wer=0.000	We rewrote the Settings screen in SwiftUI and moved the backend to TypeScript.	[]
fixtures/audio/tts_06.wav	audio=3221ms infer_p50=1006ms rtf=0.312 wer=0.125	Decivra transcribed speech with WhisperKit on the device.
  processed wer=0.125	Decivra transcribed speech with WhisperKit on the device.	[]
aggregate wer=0.014 (1/70 words) model_loads=1
aggregate processed wer=0.014 (1/70 words)

# vocabulary also as the Whisper initial prompt, sentence form ("We talked about … and WhisperKit."); the app skips the prompt for Turbo:
$ utter-cli --model $MODELS/whisper-large-v3/whisper-large-v3-Q5_K_M.gguf --mode clean --vocab "$V" fixtures/audio/*.wav
fixtures/audio/tts_01.wav	audio=4643ms infer_p50=2140ms rtf=0.461 wer=0.000	Testing Utter, 1, 2, 3, HoldMyCode uses PostgreSQL.
  processed wer=0.000	Testing Utter, 1, 2, 3, HoldMyCode uses PostgreSQL.	[]
fixtures/audio/tts_02.wav	audio=4420ms infer_p50=2055ms rtf=0.465 wer=0.000	The quick brown fox jumps over the lazy dog while the band plays in the park.
  processed wer=0.000	The quick brown fox jumps over the lazy dog while the band plays in the park.	[]
fixtures/audio/tts_03.wav	audio=4266ms infer_p50=2022ms rtf=0.474 wer=0.000	Please schedule a meeting with the design team for next Tuesday afternoon at 3.
  processed wer=0.000	Please schedule a meeting with the design team for next Tuesday afternoon at 3.	[]
fixtures/audio/tts_04.wav	audio=4822ms infer_p50=2011ms rtf=0.417 wer=0.000	I studied computer science at Maynooth before moving into product engineering.
  processed wer=0.000	I studied computer science at Maynooth before moving into product engineering.	[]
fixtures/audio/tts_05.wav	audio=5051ms infer_p50=2070ms rtf=0.410 wer=0.000	We rewrote the settings screen in SwiftUI and moved the backend to TypeScript.
  processed wer=0.000	We rewrote the settings screen in SwiftUI and moved the backend to TypeScript.	[]
fixtures/audio/tts_06.wav	audio=3221ms infer_p50=2030ms rtf=0.630 wer=0.000	Decivra transcribes speech with WhisperKit on the device.
  processed wer=0.000	Decivra transcribes speech with WhisperKit on the device.	[]
aggregate wer=0.000 (0/70 words) model_loads=1
aggregate processed wer=0.000 (0/70 words)

# vocabulary also as the Whisper initial prompt, sentence form ("We talked about … and WhisperKit."); the app skips the prompt for Turbo:
$ utter-cli --model $MODELS/whisper-large-v3-turbo/whisper-large-v3-turbo-Q8_0.gguf --mode clean --vocab "$V" fixtures/audio/*.wav
fixtures/audio/tts_01.wav	audio=4643ms infer_p50=1319ms rtf=0.284 wer=0.750	Testing Utter, 123, HoldMyCodeUsersPostgreSQL.
  processed wer=0.750	Testing Utter, 123, HoldMyCodeUsersPostgreSQL.	[]
fixtures/audio/tts_02.wav	audio=4420ms infer_p50=1321ms rtf=0.299 wer=0.000	The quick brown fox jumps over the lazy dog while the band plays in the park.
  processed wer=0.000	The quick brown fox jumps over the lazy dog while the band plays in the park.	[]
fixtures/audio/tts_03.wav	audio=4266ms infer_p50=1313ms rtf=0.308 wer=0.000	Please schedule a meeting with the design team for next Tuesday afternoon at 3.
  processed wer=0.000	Please schedule a meeting with the design team for next Tuesday afternoon at 3.	[]
fixtures/audio/tts_04.wav	audio=4822ms infer_p50=1310ms rtf=0.272 wer=0.000	I studied computer science at Maynooth before moving into product engineering.
  processed wer=0.000	I studied computer science at Maynooth before moving into product engineering.	[]
fixtures/audio/tts_05.wav	audio=5051ms infer_p50=1325ms rtf=0.262 wer=0.154	We rewrote the settings screen in SwiftUI and moved the back end to TypeScript.
  processed wer=0.154	We rewrote the settings screen in SwiftUI and moved the back end to TypeScript.	[]
fixtures/audio/tts_06.wav	audio=3221ms infer_p50=1314ms rtf=0.408 wer=0.125	Decivra transcribe speech with WhisperKit on the device.
  processed wer=0.125	Decivra transcribe speech with WhisperKit on the device.	[]
aggregate wer=0.129 (9/70 words) model_loads=1
aggregate processed wer=0.129 (9/70 words)
